c:\users\bhavy\onedrive - purdue.edu\cs 535\final project\out\build\peninkrenderer.dir\debug\vc143.pdb
c:\users\bhavy\onedrive - purdue.edu\cs 535\final project\out\build\peninkrenderer.dir\debug\imgui_impl_opengl3.obj
c:\users\bhavy\onedrive - purdue.edu\cs 535\final project\out\build\peninkrenderer.dir\debug\imgui_impl_glfw.obj
c:\users\bhavy\onedrive - purdue.edu\cs 535\final project\out\build\peninkrenderer.dir\debug\imgui_widgets.obj
c:\users\bhavy\onedrive - purdue.edu\cs 535\final project\out\build\peninkrenderer.dir\debug\imgui_tables.obj
c:\users\bhavy\onedrive - purdue.edu\cs 535\final project\out\build\peninkrenderer.dir\debug\imgui_draw.obj
c:\users\bhavy\onedrive - purdue.edu\cs 535\final project\out\build\peninkrenderer.dir\debug\imgui.obj
c:\users\bhavy\onedrive - purdue.edu\cs 535\final project\out\build\peninkrenderer.dir\debug\camera.obj
c:\users\bhavy\onedrive - purdue.edu\cs 535\final project\out\build\peninkrenderer.dir\debug\shader.obj
c:\users\bhavy\onedrive - purdue.edu\cs 535\final project\out\build\peninkrenderer.dir\debug\mesh.obj
c:\users\bhavy\onedrive - purdue.edu\cs 535\final project\out\build\peninkrenderer.dir\debug\main.obj
c:\users\bhavy\onedrive - purdue.edu\cs 535\final project\out\build\peninkrenderer.dir\debug\glad.obj
c:\users\bhavy\onedrive - purdue.edu\cs 535\final project\out\build\cmakefiles\generate.stamp
c:\users\bhavy\onedrive - purdue.edu\cs 535\final project\out\build\debug\peninkrenderer.exe
c:\users\bhavy\onedrive - purdue.edu\cs 535\final project\out\build\debug\peninkrenderer.pdb
c:\users\bhavy\onedrive - purdue.edu\cs 535\final project\out\build\peninkrenderer.dir\debug\peninkrenderer.ilk
c:\users\bhavy\onedrive - purdue.edu\cs 535\final project\out\build\peninkrenderer.dir\debug\peninkrenderer.tlog\cl.command.1.tlog
c:\users\bhavy\onedrive - purdue.edu\cs 535\final project\out\build\peninkrenderer.dir\debug\peninkrenderer.tlog\cl.items.tlog
c:\users\bhavy\onedrive - purdue.edu\cs 535\final project\out\build\peninkrenderer.dir\debug\peninkrenderer.tlog\cl.read.1.tlog
c:\users\bhavy\onedrive - purdue.edu\cs 535\final project\out\build\peninkrenderer.dir\debug\peninkrenderer.tlog\cl.write.1.tlog
c:\users\bhavy\onedrive - purdue.edu\cs 535\final project\out\build\peninkrenderer.dir\debug\peninkrenderer.tlog\custombuild.command.1.tlog
c:\users\bhavy\onedrive - purdue.edu\cs 535\final project\out\build\peninkrenderer.dir\debug\peninkrenderer.tlog\custombuild.read.1.tlog
c:\users\bhavy\onedrive - purdue.edu\cs 535\final project\out\build\peninkrenderer.dir\debug\peninkrenderer.tlog\custombuild.write.1.tlog
c:\users\bhavy\onedrive - purdue.edu\cs 535\final project\out\build\peninkrenderer.dir\debug\peninkrenderer.tlog\link.command.1.tlog
c:\users\bhavy\onedrive - purdue.edu\cs 535\final project\out\build\peninkrenderer.dir\debug\peninkrenderer.tlog\link.read.1.tlog
c:\users\bhavy\onedrive - purdue.edu\cs 535\final project\out\build\peninkrenderer.dir\debug\peninkrenderer.tlog\link.secondary.1.tlog
c:\users\bhavy\onedrive - purdue.edu\cs 535\final project\out\build\peninkrenderer.dir\debug\peninkrenderer.tlog\link.write.1.tlog
